// Jest Snapshot v1, https://goo.gl/fbAQLP

exports[`Toggle should render Toggle active 1`] = `
"Snapshot Diff:
- First value
+ Second value

@@ -1,9 +1,9 @@
  <button
-   aria-checked={true}
-   className=\\"css-0 ant-switch ant-switch-checked\\"
-   defaultChecked={true}
+   aria-checked={false}
+   className=\\"css-0 ant-switch\\"
+   defaultChecked={false}
    onClick={[Function handleClick]}
    onKeyDown={[Function handleKeyDown]}
    onMouseUp={[Function handleMouseUp]}
    role=\\"switch\\"
    type=\\"button\\""
`;

exports[`Toggle should render default 1`] = `
<button
  aria-checked={false}
  className="css-0 ant-switch"
  defaultChecked={false}
  onClick={[Function]}
  onKeyDown={[Function]}
  onMouseUp={[Function]}
  role="switch"
  type="button"
>
  <span
    className="ant-switch-inner"
  />
</button>
`;
